11:22:01.228   channel  1   note-on           A1 127
11:22:01.442   channel  1   note-off          A1  64
11:22:03.458   channel  1   note-on          C#2 127
11:22:03.539   channel  1   note-off         C#2  64
11:22:03.667   channel  1   note-on          C#2 127
11:22:03.751   channel  1   note-off         C#2  64
11:22:04.411   channel  1   note-on          C#2 127
11:22:04.512   channel  1   note-off         C#2  64
11:22:05.131   channel  1   note-on          C#2 127
11:22:05.231   channel  1   note-off         C#2  64
11:22:05.843   channel  1   note-on          C#2 127
11:22:05.919   channel  1   note-off         C#2  64
11:22:06.019   channel  1   note-on          C#2 127
11:22:06.075   channel  1   note-off         C#2  64
11:22:06.167   channel  1   note-on          C#2 127
11:22:06.247   channel  1   note-off         C#2  64
11:22:06.367   channel  1   note-on          C#2 127
11:22:06.423   channel  1   note-off         C#2  64
11:22:06.547   channel  1   note-on          C#2 127
11:22:06.623   channel  1   note-off         C#2  64
11:22:13.293   channel  1   note-on           D2 127
11:22:13.377   channel  1   note-off          D2  64
11:22:17.402   channel  1   note-on          C#2 127
11:22:17.502   channel  1   note-off         C#2  64
11:22:18.446   channel  1   note-on          C#2 127
11:22:18.562   channel  1   note-off         C#2  64
11:22:19.230   channel  1   note-on          C#2 127
11:22:19.306   channel  1   note-off         C#2  64
11:22:19.378   channel  1   note-on          C#2 127
11:22:19.446   channel  1   note-off         C#2  64
11:22:19.530   channel  1   note-on          C#2 127
11:22:19.578   channel  1   note-off         C#2  64
11:22:19.658   channel  1   note-on          C#2 127
11:22:19.714   channel  1   note-off         C#2  64
11:22:19.815   channel  1   note-on          C#2 127
11:22:19.866   channel  1   note-off         C#2  64
11:22:19.938   channel  1   note-on          C#2 127
11:22:19.994   channel  1   note-off         C#2  64
11:22:20.054   channel  1   note-on          C#2 127
11:22:20.118   channel  1   note-off         C#2  64
11:22:20.202   channel  1   note-on          C#2 127
11:22:20.257   channel  1   note-off         C#2  64
11:22:20.323   channel  1   note-on          C#2 127
11:22:20.378   channel  1   note-off         C#2  64
11:22:20.422   channel  1   note-on          C#2 127
11:22:20.490   channel  1   note-off         C#2  64
11:22:20.554   channel  1   note-on          C#2 127
11:22:20.599   channel  1   note-off         C#2  64
11:22:20.654   channel  1   note-on          C#2 127
11:22:20.706   channel  1   note-off         C#2  64
11:22:27.705   channel  1   note-on           D2 127
11:22:27.762   channel  1   note-off          D2  64
11:22:28.628   channel  1   note-on           D2 127
11:22:28.684   channel  1   note-off          D2  64
11:22:29.584   channel  1   note-on           D2 127
11:22:29.652   channel  1   note-off          D2  64
